1)

gleb@gleb-VirtualBox:~/gleb.dzhygyl$ git branch
  homework1
* master
gleb@gleb-VirtualBox:~/gleb.dzhygyl$ vim hw1.txt
gleb@gleb-VirtualBox:~/gleb.dzhygyl$ git add .
gleb@gleb-VirtualBox:~/gleb.dzhygyl$ git commit -m "adding hw1.txt"
gleb@gleb-VirtualBox:~/gleb.dzhygyl$ git status
On branch master
nothing to commit, working tree clean
gleb@gleb-VirtualBox:~/gleb.dzhygyl$ cat hw1.txt 
first commit text
gleb@gleb-VirtualBox:~/gleb.dzhygyl$ git checkout homework1 
gleb@gleb-VirtualBox:~/gleb.dzhygyl$ vim hw1.txt 
gleb@gleb-VirtualBox:~/gleb.dzhygyl$ git commit -am "adding hw1.txt from homework branch"
gleb@gleb-VirtualBox:~/gleb.dzhygyl$ git merge homework1 
Auto-merging hw1.txt
CONFLICT (content): Merge conflict in hw1.txt
Automatic merge failed; fix conflicts and then commit the result.
gleb@gleb-VirtualBox:~/gleb.dzhygyl$ vim hw1.txt  
gleb@gleb-VirtualBox:~/gleb.dzhygyl$ git commit -am "fixed mc"
gleb@gleb-VirtualBox:~/gleb.dzhygyl$ git merge homework1 
Already up to date.
gleb@gleb-VirtualBox:~/gleb.dzhygyl$ git status
On branch master
nothing to commit, working tree clean


2)

gleb@gleb-VirtualBox:~/homework/homework1$ git checkout -b master
Switched to a new branch 'master'
Your branch is based on 'origin/master', but the upstream is gone.
  (use "git branch --unset-upstream" to fixup)
gleb@gleb-VirtualBox:~/homework/homework1$ git push origin --delete homework1
Username for 'https://github.com': glebdzhygyl
Password for 'https://glebdzhygyl@github.com': 
To https://github.com/glebdzhygyl/homework1.git
 - [deleted]         homework1

